2026-03-03 18:25:22.761 - [INFO] - --- STARTING AIOPS OOP SIMULATION (24/7 OPERATION) ---
2026-03-03 18:25:22.763 - [WARNING] - Sensor_6: Anomaly detected -> SOFTWARE_FREEZE
2026-03-03 18:25:22.764 - [INFO] - System: Found solution in Knowledge Base. Executing remote patch...
2026-03-03 18:25:22.764 - [INFO] - System: Auto-recovery successful in 0.5s. No human needed.
2026-03-03 18:25:22.765 - [WARNING] - Sensor_3: Anomaly detected -> SOFTWARE_FREEZE
2026-03-03 18:25:22.765 - [INFO] - System: Found solution in Knowledge Base. Executing remote patch...
2026-03-03 18:25:22.765 - [INFO] - System: Auto-recovery successful in 0.5s. No human needed.
2026-03-03 18:25:22.766 - [WARNING] - Sensor_10: Anomaly detected -> SOFTWARE_FREEZE
2026-03-03 18:25:22.766 - [INFO] - System: Found solution in Knowledge Base. Executing remote patch...
2026-03-03 18:25:22.766 - [INFO] - System: Auto-recovery successful in 0.5s. No human needed.
2026-03-03 18:25:22.770 - [WARNING] - Sensor_5: Anomaly detected -> SOFTWARE_FREEZE
2026-03-03 18:25:22.770 - [INFO] - System: Found solution in Knowledge Base. Executing remote patch...
2026-03-03 18:25:22.770 - [INFO] - System: Auto-recovery successful in 0.5s. No human needed.
2026-03-03 18:25:22.772 - [WARNING] - Sensor_29: Anomaly detected -> SOFTWARE_FREEZE
2026-03-03 18:25:22.772 - [INFO] - System: Found solution in Knowledge Base. Executing remote patch...
2026-03-03 18:25:22.772 - [INFO] - System: Auto-recovery successful in 0.5s. No human needed.
2026-03-03 18:25:22.773 - [WARNING] - Sensor_13: Anomaly detected -> SOFTWARE_FREEZE
2026-03-03 18:25:22.773 - [INFO] - System: Found solution in Knowledge Base. Executing remote patch...
2026-03-03 18:25:22.773 - [INFO] - System: Auto-recovery successful in 0.5s. No human needed.
2026-03-03 18:25:22.775 - [ERROR] - Sensor_37: Hardware broken -> HARDWARE_FAILURE. Escalating to Human!
2026-03-03 18:25:22.775 - [INFO] - System: Ticket created and assigned to L2 Support.
2026-03-03 18:25:22.778 - [WARNING] - Sensor_18: Anomaly detected -> SOFTWARE_FREEZE
2026-03-03 18:25:22.778 - [INFO] - System: Found solution in Knowledge Base. Executing remote patch...
2026-03-03 18:25:22.778 - [INFO] - System: Auto-recovery successful in 0.5s. No human needed.
2026-03-03 18:25:22.778 - [WARNING] - Sensor_28: Anomaly detected -> SOFTWARE_FREEZE
2026-03-03 18:25:22.778 - [INFO] - System: Found solution in Knowledge Base. Executing remote patch...
2026-03-03 18:25:22.778 - [INFO] - System: Auto-recovery successful in 0.5s. No human needed.
2026-03-03 18:25:22.795 - [WARNING] - Sensor_32: Anomaly detected -> SOFTWARE_FREEZE
2026-03-03 18:25:22.795 - [INFO] - System: Found solution in Knowledge Base. Executing remote patch...
2026-03-03 18:25:22.795 - [INFO] - System: Auto-recovery successful in 0.5s. No human needed.
2026-03-03 18:25:22.796 - [ERROR] - Sensor_20: Hardware broken -> HARDWARE_FAILURE. Escalating to Human!
2026-03-03 18:25:22.796 - [INFO] - System: Ticket created and assigned to L2 Support.
2026-03-03 18:25:22.798 - [WARNING] - Sensor_22: Anomaly detected -> SOFTWARE_FREEZE
2026-03-03 18:25:22.798 - [INFO] - System: Found solution in Knowledge Base. Executing remote patch...
2026-03-03 18:25:22.798 - [INFO] - System: Auto-recovery successful in 0.5s. No human needed.
2026-03-03 18:25:22.799 - [WARNING] - Sensor_15: Anomaly detected -> SOFTWARE_FREEZE
2026-03-03 18:25:22.799 - [INFO] - System: Found solution in Knowledge Base. Executing remote patch...
2026-03-03 18:25:22.799 - [INFO] - System: Auto-recovery successful in 0.5s. No human needed.
2026-03-03 18:25:22.802 - [WARNING] - Sensor_1: Anomaly detected -> SOFTWARE_FREEZE
2026-03-03 18:25:22.802 - [INFO] - System: Found solution in Knowledge Base. Executing remote patch...
2026-03-03 18:25:22.802 - [INFO] - System: Auto-recovery successful in 0.5s. No human needed.
2026-03-03 18:25:22.806 - [WARNING] - Sensor_2: Anomaly detected -> SOFTWARE_FREEZE
2026-03-03 18:25:22.806 - [INFO] - System: Found solution in Knowledge Base. Executing remote patch...
2026-03-03 18:25:22.806 - [INFO] - System: Auto-recovery successful in 0.5s. No human needed.
2026-03-03 18:25:22.811 - [WARNING] - Sensor_24: Anomaly detected -> SOFTWARE_FREEZE
2026-03-03 18:25:22.811 - [INFO] - System: Found solution in Knowledge Base. Executing remote patch...
2026-03-03 18:25:22.811 - [INFO] - System: Auto-recovery successful in 0.5s. No human needed.
2026-03-03 18:25:22.817 - [WARNING] - Sensor_7: Anomaly detected -> SOFTWARE_FREEZE
2026-03-03 18:25:22.817 - [INFO] - System: Found solution in Knowledge Base. Executing remote patch...
2026-03-03 18:25:22.818 - [INFO] - System: Auto-recovery successful in 0.5s. No human needed.
2026-03-03 18:25:22.819 - [WARNING] - Sensor_24: Anomaly detected -> SOFTWARE_FREEZE
2026-03-03 18:25:22.819 - [INFO] - System: Found solution in Knowledge Base. Executing remote patch...
2026-03-03 18:25:22.819 - [INFO] - System: Auto-recovery successful in 0.5s. No human needed.
2026-03-03 18:25:22.824 - [WARNING] - Sensor_2: Anomaly detected -> SOFTWARE_FREEZE
2026-03-03 18:25:22.824 - [INFO] - System: Found solution in Knowledge Base. Executing remote patch...
2026-03-03 18:25:22.824 - [INFO] - System: Auto-recovery successful in 0.5s. No human needed.
2026-03-03 18:25:22.832 - [WARNING] - Sensor_26: Anomaly detected -> SOFTWARE_FREEZE
2026-03-03 18:25:22.832 - [INFO] - System: Found solution in Knowledge Base. Executing remote patch...
2026-03-03 18:25:22.832 - [INFO] - System: Auto-recovery successful in 0.5s. No human needed.
2026-03-03 18:25:22.833 - [WARNING] - Sensor_40: Anomaly detected -> SOFTWARE_FREEZE
2026-03-03 18:25:22.833 - [INFO] - System: Found solution in Knowledge Base. Executing remote patch...
2026-03-03 18:25:22.833 - [INFO] - System: Auto-recovery successful in 0.5s. No human needed.
2026-03-03 18:25:22.834 - [WARNING] - Sensor_40: Anomaly detected -> SOFTWARE_FREEZE
2026-03-03 18:25:22.834 - [INFO] - System: Found solution in Knowledge Base. Executing remote patch...
2026-03-03 18:25:22.834 - [INFO] - System: Auto-recovery successful in 0.5s. No human needed.
2026-03-03 18:25:22.838 - [WARNING] - Sensor_17: Anomaly detected -> SOFTWARE_FREEZE
2026-03-03 18:25:22.838 - [INFO] - System: Found solution in Knowledge Base. Executing remote patch...
2026-03-03 18:25:22.838 - [INFO] - System: Auto-recovery successful in 0.5s. No human needed.
2026-03-03 18:25:22.840 - [WARNING] - Sensor_22: Anomaly detected -> SOFTWARE_FREEZE
2026-03-03 18:25:22.840 - [INFO] - System: Found solution in Knowledge Base. Executing remote patch...
2026-03-03 18:25:22.840 - [INFO] - System: Auto-recovery successful in 0.5s. No human needed.
2026-03-03 18:25:22.845 - [WARNING] - Sensor_21: Anomaly detected -> SOFTWARE_FREEZE
2026-03-03 18:25:22.845 - [INFO] - System: Found solution in Knowledge Base. Executing remote patch...
2026-03-03 18:25:22.845 - [INFO] - System: Auto-recovery successful in 0.5s. No human needed.
2026-03-03 18:25:22.847 - [WARNING] - Sensor_48: Anomaly detected -> SOFTWARE_FREEZE
2026-03-03 18:25:22.847 - [INFO] - System: Found solution in Knowledge Base. Executing remote patch...
2026-03-03 18:25:22.847 - [INFO] - System: Auto-recovery successful in 0.5s. No human needed.
2026-03-03 18:25:22.850 - [WARNING] - Sensor_13: Anomaly detected -> SOFTWARE_FREEZE
2026-03-03 18:25:22.850 - [INFO] - System: Found solution in Knowledge Base. Executing remote patch...
2026-03-03 18:25:22.850 - [INFO] - System: Auto-recovery successful in 0.5s. No human needed.
2026-03-03 18:25:22.852 - [WARNING] - Sensor_10: Anomaly detected -> SOFTWARE_FREEZE
2026-03-03 18:25:22.852 - [INFO] - System: Found solution in Knowledge Base. Executing remote patch...
2026-03-03 18:25:22.852 - [INFO] - System: Auto-recovery successful in 0.5s. No human needed.
2026-03-03 18:25:22.857 - [WARNING] - Sensor_7: Anomaly detected -> SOFTWARE_FREEZE
2026-03-03 18:25:22.857 - [INFO] - System: Found solution in Knowledge Base. Executing remote patch...
2026-03-03 18:25:22.857 - [INFO] - System: Auto-recovery successful in 0.5s. No human needed.
2026-03-03 18:25:22.858 - [WARNING] - Sensor_23: Anomaly detected -> SOFTWARE_FREEZE
2026-03-03 18:25:22.858 - [INFO] - System: Found solution in Knowledge Base. Executing remote patch...
2026-03-03 18:25:22.858 - [INFO] - System: Auto-recovery successful in 0.5s. No human needed.
2026-03-03 18:25:22.863 - [WARNING] - Sensor_27: Anomaly detected -> SOFTWARE_FREEZE
2026-03-03 18:25:22.863 - [INFO] - System: Found solution in Knowledge Base. Executing remote patch...
2026-03-03 18:25:22.863 - [INFO] - System: Auto-recovery successful in 0.5s. No human needed.
2026-03-03 18:25:22.866 - [ERROR] - Sensor_10: Hardware broken -> HARDWARE_FAILURE. Escalating to Human!
2026-03-03 18:25:22.866 - [INFO] - System: Ticket created and assigned to L2 Support.
2026-03-03 18:25:22.867 - [ERROR] - Sensor_34: Hardware broken -> HARDWARE_FAILURE. Escalating to Human!
2026-03-03 18:25:22.867 - [INFO] - System: Ticket created and assigned to L2 Support.
2026-03-03 18:25:22.868 - [WARNING] - Sensor_40: Anomaly detected -> SOFTWARE_FREEZE
2026-03-03 18:25:22.868 - [INFO] - System: Found solution in Knowledge Base. Executing remote patch...
2026-03-03 18:25:22.868 - [INFO] - System: Auto-recovery successful in 0.5s. No human needed.
2026-03-03 18:25:22.870 - [WARNING] - Sensor_38: Anomaly detected -> SOFTWARE_FREEZE
2026-03-03 18:25:22.870 - [INFO] - System: Found solution in Knowledge Base. Executing remote patch...
2026-03-03 18:25:22.870 - [INFO] - System: Auto-recovery successful in 0.5s. No human needed.
2026-03-03 18:25:22.870 - [WARNING] - Sensor_6: Anomaly detected -> SOFTWARE_FREEZE
2026-03-03 18:25:22.870 - [INFO] - System: Found solution in Knowledge Base. Executing remote patch...
2026-03-03 18:25:22.870 - [INFO] - System: Auto-recovery successful in 0.5s. No human needed.
2026-03-03 18:25:22.871 - [ERROR] - Sensor_29: Hardware broken -> HARDWARE_FAILURE. Escalating to Human!
2026-03-03 18:25:22.871 - [INFO] - System: Ticket created and assigned to L2 Support.
2026-03-03 18:25:22.874 - [ERROR] - Sensor_23: Hardware broken -> HARDWARE_FAILURE. Escalating to Human!
2026-03-03 18:25:22.874 - [INFO] - System: Ticket created and assigned to L2 Support.
2026-03-03 18:25:22.877 - [WARNING] - Sensor_36: Anomaly detected -> SOFTWARE_FREEZE
2026-03-03 18:25:22.877 - [INFO] - System: Found solution in Knowledge Base. Executing remote patch...
2026-03-03 18:25:22.877 - [INFO] - System: Auto-recovery successful in 0.5s. No human needed.
2026-03-03 18:25:22.877 - [WARNING] - Sensor_40: Anomaly detected -> SOFTWARE_FREEZE
2026-03-03 18:25:22.877 - [INFO] - System: Found solution in Knowledge Base. Executing remote patch...
2026-03-03 18:25:22.877 - [INFO] - System: Auto-recovery successful in 0.5s. No human needed.
2026-03-03 18:25:22.880 - [WARNING] - Sensor_45: Anomaly detected -> SOFTWARE_FREEZE
2026-03-03 18:25:22.880 - [INFO] - System: Found solution in Knowledge Base. Executing remote patch...
2026-03-03 18:25:22.880 - [INFO] - System: Auto-recovery successful in 0.5s. No human needed.
2026-03-03 18:25:22.884 - [WARNING] - Sensor_14: Anomaly detected -> SOFTWARE_FREEZE
2026-03-03 18:25:22.884 - [INFO] - System: Found solution in Knowledge Base. Executing remote patch...
2026-03-03 18:25:22.884 - [INFO] - System: Auto-recovery successful in 0.5s. No human needed.
2026-03-03 18:25:22.895 - [WARNING] - Sensor_46: Anomaly detected -> SOFTWARE_FREEZE
2026-03-03 18:25:22.896 - [INFO] - System: Found solution in Knowledge Base. Executing remote patch...
2026-03-03 18:25:22.896 - [INFO] - System: Auto-recovery successful in 0.5s. No human needed.
2026-03-03 18:25:22.903 - [WARNING] - Sensor_41: Anomaly detected -> SOFTWARE_FREEZE
2026-03-03 18:25:22.904 - [INFO] - System: Found solution in Knowledge Base. Executing remote patch...
2026-03-03 18:25:22.904 - [INFO] - System: Auto-recovery successful in 0.5s. No human needed.
2026-03-03 18:25:22.905 - [WARNING] - Sensor_22: Anomaly detected -> SOFTWARE_FREEZE
2026-03-03 18:25:22.905 - [INFO] - System: Found solution in Knowledge Base. Executing remote patch...
2026-03-03 18:25:22.905 - [INFO] - System: Auto-recovery successful in 0.5s. No human needed.
2026-03-03 18:25:22.907 - [WARNING] - Sensor_21: Anomaly detected -> SOFTWARE_FREEZE
2026-03-03 18:25:22.907 - [INFO] - System: Found solution in Knowledge Base. Executing remote patch...
2026-03-03 18:25:22.907 - [INFO] - System: Auto-recovery successful in 0.5s. No human needed.
2026-03-03 18:25:22.907 - [WARNING] - Sensor_32: Anomaly detected -> SOFTWARE_FREEZE
2026-03-03 18:25:22.907 - [INFO] - System: Found solution in Knowledge Base. Executing remote patch...
2026-03-03 18:25:22.907 - [INFO] - System: Auto-recovery successful in 0.5s. No human needed.
2026-03-03 18:25:22.909 - [WARNING] - Sensor_45: Anomaly detected -> SOFTWARE_FREEZE
2026-03-03 18:25:22.909 - [INFO] - System: Found solution in Knowledge Base. Executing remote patch...
2026-03-03 18:25:22.909 - [INFO] - System: Auto-recovery successful in 0.5s. No human needed.
2026-03-03 18:25:22.909 - [WARNING] - Sensor_28: Anomaly detected -> SOFTWARE_FREEZE
2026-03-03 18:25:22.909 - [INFO] - System: Found solution in Knowledge Base. Executing remote patch...
2026-03-03 18:25:22.909 - [INFO] - System: Auto-recovery successful in 0.5s. No human needed.
2026-03-03 18:25:22.911 - [WARNING] - Sensor_8: Anomaly detected -> SOFTWARE_FREEZE
2026-03-03 18:25:22.911 - [INFO] - System: Found solution in Knowledge Base. Executing remote patch...
2026-03-03 18:25:22.911 - [INFO] - System: Auto-recovery successful in 0.5s. No human needed.
2026-03-03 18:25:22.915 - [ERROR] - Sensor_28: Hardware broken -> HARDWARE_FAILURE. Escalating to Human!
2026-03-03 18:25:22.915 - [INFO] - System: Ticket created and assigned to L2 Support.
2026-03-03 18:25:22.916 - [WARNING] - Sensor_33: Anomaly detected -> SOFTWARE_FREEZE
2026-03-03 18:25:22.916 - [INFO] - System: Found solution in Knowledge Base. Executing remote patch...
2026-03-03 18:25:22.916 - [INFO] - System: Auto-recovery successful in 0.5s. No human needed.
2026-03-03 18:25:22.917 - [WARNING] - Sensor_45: Anomaly detected -> SOFTWARE_FREEZE
2026-03-03 18:25:22.917 - [INFO] - System: Found solution in Knowledge Base. Executing remote patch...
2026-03-03 18:25:22.917 - [INFO] - System: Auto-recovery successful in 0.5s. No human needed.
2026-03-03 18:25:22.923 - [ERROR] - Sensor_48: Hardware broken -> HARDWARE_FAILURE. Escalating to Human!
2026-03-03 18:25:22.923 - [INFO] - System: Ticket created and assigned to L2 Support.
2026-03-03 18:25:22.924 - [WARNING] - Sensor_19: Anomaly detected -> SOFTWARE_FREEZE
2026-03-03 18:25:22.924 - [INFO] - System: Found solution in Knowledge Base. Executing remote patch...
2026-03-03 18:25:22.924 - [INFO] - System: Auto-recovery successful in 0.5s. No human needed.
2026-03-03 18:25:22.926 - [WARNING] - Sensor_18: Anomaly detected -> SOFTWARE_FREEZE
2026-03-03 18:25:22.927 - [INFO] - System: Found solution in Knowledge Base. Executing remote patch...
2026-03-03 18:25:22.927 - [INFO] - System: Auto-recovery successful in 0.5s. No human needed.
2026-03-03 18:25:22.927 - [WARNING] - Sensor_19: Anomaly detected -> SOFTWARE_FREEZE
2026-03-03 18:25:22.927 - [INFO] - System: Found solution in Knowledge Base. Executing remote patch...
2026-03-03 18:25:22.927 - [INFO] - System: Auto-recovery successful in 0.5s. No human needed.
2026-03-03 18:25:22.929 - [WARNING] - Sensor_15: Anomaly detected -> SOFTWARE_FREEZE
2026-03-03 18:25:22.929 - [INFO] - System: Found solution in Knowledge Base. Executing remote patch...
2026-03-03 18:25:22.929 - [INFO] - System: Auto-recovery successful in 0.5s. No human needed.
2026-03-03 18:25:22.930 - [ERROR] - Sensor_40: Hardware broken -> HARDWARE_FAILURE. Escalating to Human!
2026-03-03 18:25:22.930 - [INFO] - System: Ticket created and assigned to L2 Support.
2026-03-03 18:25:22.931 - [WARNING] - Sensor_27: Anomaly detected -> SOFTWARE_FREEZE
2026-03-03 18:25:22.932 - [INFO] - System: Found solution in Knowledge Base. Executing remote patch...
2026-03-03 18:25:22.932 - [INFO] - System: Auto-recovery successful in 0.5s. No human needed.
2026-03-03 18:25:22.934 - [ERROR] - Sensor_45: Hardware broken -> HARDWARE_FAILURE. Escalating to Human!
2026-03-03 18:25:22.934 - [INFO] - System: Ticket created and assigned to L2 Support.
2026-03-03 18:25:22.949 - [WARNING] - Sensor_11: Anomaly detected -> SOFTWARE_FREEZE
2026-03-03 18:25:22.949 - [INFO] - System: Found solution in Knowledge Base. Executing remote patch...
2026-03-03 18:25:22.949 - [INFO] - System: Auto-recovery successful in 0.5s. No human needed.
2026-03-03 18:25:22.950 - [ERROR] - Sensor_2: Hardware broken -> HARDWARE_FAILURE. Escalating to Human!
2026-03-03 18:25:22.950 - [INFO] - System: Ticket created and assigned to L2 Support.
2026-03-03 18:25:22.955 - [ERROR] - Sensor_41: Hardware broken -> HARDWARE_FAILURE. Escalating to Human!
2026-03-03 18:25:22.955 - [INFO] - System: Ticket created and assigned to L2 Support.
2026-03-03 18:25:22.958 - [WARNING] - Sensor_36: Anomaly detected -> SOFTWARE_FREEZE
2026-03-03 18:25:22.958 - [INFO] - System: Found solution in Knowledge Base. Executing remote patch...
2026-03-03 18:25:22.958 - [INFO] - System: Auto-recovery successful in 0.5s. No human needed.
2026-03-03 18:25:22.961 - [ERROR] - Sensor_11: Hardware broken -> HARDWARE_FAILURE. Escalating to Human!
2026-03-03 18:25:22.961 - [INFO] - System: Ticket created and assigned to L2 Support.
2026-03-03 18:25:22.962 - [ERROR] - Sensor_12: Hardware broken -> HARDWARE_FAILURE. Escalating to Human!
2026-03-03 18:25:22.962 - [INFO] - System: Ticket created and assigned to L2 Support.
2026-03-03 18:25:22.964 - [ERROR] - Sensor_5: Hardware broken -> HARDWARE_FAILURE. Escalating to Human!
2026-03-03 18:25:22.964 - [INFO] - System: Ticket created and assigned to L2 Support.
2026-03-03 18:25:22.965 - [ERROR] - Sensor_40: Hardware broken -> HARDWARE_FAILURE. Escalating to Human!
2026-03-03 18:25:22.965 - [INFO] - System: Ticket created and assigned to L2 Support.
2026-03-03 18:25:22.967 - [WARNING] - Sensor_4: Anomaly detected -> SOFTWARE_FREEZE
2026-03-03 18:25:22.967 - [INFO] - System: Found solution in Knowledge Base. Executing remote patch...
2026-03-03 18:25:22.967 - [INFO] - System: Auto-recovery successful in 0.5s. No human needed.
2026-03-03 18:25:22.967 - [ERROR] - Sensor_19: Hardware broken -> HARDWARE_FAILURE. Escalating to Human!
2026-03-03 18:25:22.967 - [INFO] - System: Ticket created and assigned to L2 Support.
2026-03-03 18:25:22.967 - [ERROR] - Sensor_45: Hardware broken -> HARDWARE_FAILURE. Escalating to Human!
2026-03-03 18:25:22.967 - [INFO] - System: Ticket created and assigned to L2 Support.
2026-03-03 18:25:22.976 - [WARNING] - Sensor_6: Anomaly detected -> SOFTWARE_FREEZE
2026-03-03 18:25:22.976 - [INFO] - System: Found solution in Knowledge Base. Executing remote patch...
2026-03-03 18:25:22.976 - [INFO] - System: Auto-recovery successful in 0.5s. No human needed.
2026-03-03 18:25:22.978 - [ERROR] - Sensor_7: Hardware broken -> HARDWARE_FAILURE. Escalating to Human!
2026-03-03 18:25:22.978 - [INFO] - System: Ticket created and assigned to L2 Support.
2026-03-03 18:25:22.980 - [WARNING] - Sensor_8: Anomaly detected -> SOFTWARE_FREEZE
2026-03-03 18:25:22.980 - [INFO] - System: Found solution in Knowledge Base. Executing remote patch...
2026-03-03 18:25:22.980 - [INFO] - System: Auto-recovery successful in 0.5s. No human needed.
2026-03-03 18:25:22.983 - [WARNING] - Sensor_24: Anomaly detected -> SOFTWARE_FREEZE
2026-03-03 18:25:22.983 - [INFO] - System: Found solution in Knowledge Base. Executing remote patch...
2026-03-03 18:25:22.983 - [INFO] - System: Auto-recovery successful in 0.5s. No human needed.
2026-03-03 18:25:22.983 - [ERROR] - Sensor_1: Hardware broken -> HARDWARE_FAILURE. Escalating to Human!
2026-03-03 18:25:22.983 - [INFO] - System: Ticket created and assigned to L2 Support.
2026-03-03 18:25:22.983 - [WARNING] - Sensor_39: Anomaly detected -> SOFTWARE_FREEZE
2026-03-03 18:25:22.983 - [INFO] - System: Found solution in Knowledge Base. Executing remote patch...
2026-03-03 18:25:22.984 - [INFO] - System: Auto-recovery successful in 0.5s. No human needed.
2026-03-03 18:25:22.985 - [WARNING] - Sensor_22: Anomaly detected -> SOFTWARE_FREEZE
2026-03-03 18:25:22.985 - [INFO] - System: Found solution in Knowledge Base. Executing remote patch...
2026-03-03 18:25:22.985 - [INFO] - System: Auto-recovery successful in 0.5s. No human needed.
2026-03-03 18:25:22.986 - [WARNING] - Sensor_26: Anomaly detected -> SOFTWARE_FREEZE
2026-03-03 18:25:22.986 - [INFO] - System: Found solution in Knowledge Base. Executing remote patch...
2026-03-03 18:25:22.986 - [INFO] - System: Auto-recovery successful in 0.5s. No human needed.
2026-03-03 18:25:22.993 - [WARNING] - Sensor_42: Anomaly detected -> SOFTWARE_FREEZE
2026-03-03 18:25:22.993 - [INFO] - System: Found solution in Knowledge Base. Executing remote patch...
2026-03-03 18:25:22.993 - [INFO] - System: Auto-recovery successful in 0.5s. No human needed.
2026-03-03 18:25:22.994 - [WARNING] - Sensor_36: Anomaly detected -> SOFTWARE_FREEZE
2026-03-03 18:25:22.994 - [INFO] - System: Found solution in Knowledge Base. Executing remote patch...
2026-03-03 18:25:22.994 - [INFO] - System: Auto-recovery successful in 0.5s. No human needed.
2026-03-03 18:25:22.995 - [ERROR] - Sensor_42: Hardware broken -> HARDWARE_FAILURE. Escalating to Human!
2026-03-03 18:25:22.995 - [INFO] - System: Ticket created and assigned to L2 Support.
2026-03-03 18:25:22.998 - [WARNING] - Sensor_15: Anomaly detected -> SOFTWARE_FREEZE
2026-03-03 18:25:22.998 - [INFO] - System: Found solution in Knowledge Base. Executing remote patch...
2026-03-03 18:25:22.998 - [INFO] - System: Auto-recovery successful in 0.5s. No human needed.
2026-03-03 18:25:22.998 - [WARNING] - Sensor_31: Anomaly detected -> SOFTWARE_FREEZE
2026-03-03 18:25:22.998 - [INFO] - System: Found solution in Knowledge Base. Executing remote patch...
2026-03-03 18:25:22.998 - [INFO] - System: Auto-recovery successful in 0.5s. No human needed.
2026-03-03 18:25:22.999 - [WARNING] - Sensor_2: Anomaly detected -> SOFTWARE_FREEZE
2026-03-03 18:25:22.999 - [INFO] - System: Found solution in Knowledge Base. Executing remote patch...
2026-03-03 18:25:22.999 - [INFO] - System: Auto-recovery successful in 0.5s. No human needed.
2026-03-03 18:25:23.002 - [ERROR] - Sensor_40: Hardware broken -> HARDWARE_FAILURE. Escalating to Human!
2026-03-03 18:25:23.002 - [INFO] - System: Ticket created and assigned to L2 Support.
2026-03-03 18:25:23.003 - [WARNING] - Sensor_3: Anomaly detected -> SOFTWARE_FREEZE
2026-03-03 18:25:23.003 - [INFO] - System: Found solution in Knowledge Base. Executing remote patch...
2026-03-03 18:25:23.003 - [INFO] - System: Auto-recovery successful in 0.5s. No human needed.
2026-03-03 18:25:23.004 - [WARNING] - Sensor_40: Anomaly detected -> SOFTWARE_FREEZE
2026-03-03 18:25:23.004 - [INFO] - System: Found solution in Knowledge Base. Executing remote patch...
2026-03-03 18:25:23.004 - [INFO] - System: Auto-recovery successful in 0.5s. No human needed.
2026-03-03 18:25:23.005 - [WARNING] - Sensor_38: Anomaly detected -> SOFTWARE_FREEZE
2026-03-03 18:25:23.005 - [INFO] - System: Found solution in Knowledge Base. Executing remote patch...
2026-03-03 18:25:23.005 - [INFO] - System: Auto-recovery successful in 0.5s. No human needed.
2026-03-03 18:25:23.007 - [WARNING] - Sensor_2: Anomaly detected -> SOFTWARE_FREEZE
2026-03-03 18:25:23.007 - [INFO] - System: Found solution in Knowledge Base. Executing remote patch...
2026-03-03 18:25:23.007 - [INFO] - System: Auto-recovery successful in 0.5s. No human needed.
2026-03-03 18:25:23.007 - [WARNING] - Sensor_26: Anomaly detected -> SOFTWARE_FREEZE
2026-03-03 18:25:23.007 - [INFO] - System: Found solution in Knowledge Base. Executing remote patch...
2026-03-03 18:25:23.007 - [INFO] - System: Auto-recovery successful in 0.5s. No human needed.
2026-03-03 18:25:23.010 - [WARNING] - Sensor_29: Anomaly detected -> SOFTWARE_FREEZE
2026-03-03 18:25:23.010 - [INFO] - System: Found solution in Knowledge Base. Executing remote patch...
2026-03-03 18:25:23.010 - [INFO] - System: Auto-recovery successful in 0.5s. No human needed.
2026-03-03 18:25:23.013 - [ERROR] - Sensor_42: Hardware broken -> HARDWARE_FAILURE. Escalating to Human!
2026-03-03 18:25:23.013 - [INFO] - System: Ticket created and assigned to L2 Support.
2026-03-03 18:25:23.013 - [WARNING] - Sensor_41: Anomaly detected -> SOFTWARE_FREEZE
2026-03-03 18:25:23.014 - [INFO] - System: Found solution in Knowledge Base. Executing remote patch...
2026-03-03 18:25:23.014 - [INFO] - System: Auto-recovery successful in 0.5s. No human needed.
2026-03-03 18:25:23.016 - [WARNING] - Sensor_46: Anomaly detected -> SOFTWARE_FREEZE
2026-03-03 18:25:23.017 - [INFO] - System: Found solution in Knowledge Base. Executing remote patch...
2026-03-03 18:25:23.017 - [INFO] - System: Auto-recovery successful in 0.5s. No human needed.
2026-03-03 18:25:23.018 - [WARNING] - Sensor_49: Anomaly detected -> SOFTWARE_FREEZE
2026-03-03 18:25:23.019 - [INFO] - System: Found solution in Knowledge Base. Executing remote patch...
2026-03-03 18:25:23.019 - [INFO] - System: Auto-recovery successful in 0.5s. No human needed.
2026-03-03 18:25:23.022 - [WARNING] - Sensor_12: Anomaly detected -> SOFTWARE_FREEZE
2026-03-03 18:25:23.023 - [INFO] - System: Found solution in Knowledge Base. Executing remote patch...
2026-03-03 18:25:23.023 - [INFO] - System: Auto-recovery successful in 0.5s. No human needed.
2026-03-03 18:25:23.024 - [WARNING] - Sensor_42: Anomaly detected -> SOFTWARE_FREEZE
2026-03-03 18:25:23.024 - [INFO] - System: Found solution in Knowledge Base. Executing remote patch...
2026-03-03 18:25:23.024 - [INFO] - System: Auto-recovery successful in 0.5s. No human needed.
2026-03-03 18:25:23.028 - [WARNING] - Sensor_11: Anomaly detected -> SOFTWARE_FREEZE
2026-03-03 18:25:23.029 - [INFO] - System: Found solution in Knowledge Base. Executing remote patch...
2026-03-03 18:25:23.029 - [INFO] - System: Auto-recovery successful in 0.5s. No human needed.
2026-03-03 18:25:23.033 - [WARNING] - Sensor_48: Anomaly detected -> SOFTWARE_FREEZE
2026-03-03 18:25:23.033 - [INFO] - System: Found solution in Knowledge Base. Executing remote patch...
2026-03-03 18:25:23.033 - [INFO] - System: Auto-recovery successful in 0.5s. No human needed.
2026-03-03 18:25:23.041 - [WARNING] - Sensor_30: Anomaly detected -> SOFTWARE_FREEZE
2026-03-03 18:25:23.042 - [INFO] - System: Found solution in Knowledge Base. Executing remote patch...
2026-03-03 18:25:23.042 - [INFO] - System: Auto-recovery successful in 0.5s. No human needed.
2026-03-03 18:25:23.045 - [WARNING] - Sensor_10: Anomaly detected -> SOFTWARE_FREEZE
2026-03-03 18:25:23.045 - [INFO] - System: Found solution in Knowledge Base. Executing remote patch...
2026-03-03 18:25:23.045 - [INFO] - System: Auto-recovery successful in 0.5s. No human needed.
2026-03-03 18:25:23.052 - [WARNING] - Sensor_26: Anomaly detected -> SOFTWARE_FREEZE
2026-03-03 18:25:23.052 - [INFO] - System: Found solution in Knowledge Base. Executing remote patch...
2026-03-03 18:25:23.052 - [INFO] - System: Auto-recovery successful in 0.5s. No human needed.
2026-03-03 18:25:23.054 - [WARNING] - Sensor_11: Anomaly detected -> SOFTWARE_FREEZE
2026-03-03 18:25:23.054 - [INFO] - System: Found solution in Knowledge Base. Executing remote patch...
2026-03-03 18:25:23.054 - [INFO] - System: Auto-recovery successful in 0.5s. No human needed.
2026-03-03 18:25:23.056 - [WARNING] - Sensor_40: Anomaly detected -> SOFTWARE_FREEZE
2026-03-03 18:25:23.057 - [INFO] - System: Found solution in Knowledge Base. Executing remote patch...
2026-03-03 18:25:23.057 - [INFO] - System: Auto-recovery successful in 0.5s. No human needed.
2026-03-03 18:25:23.059 - [WARNING] - Sensor_45: Anomaly detected -> SOFTWARE_FREEZE
2026-03-03 18:25:23.059 - [INFO] - System: Found solution in Knowledge Base. Executing remote patch...
2026-03-03 18:25:23.059 - [INFO] - System: Auto-recovery successful in 0.5s. No human needed.
2026-03-03 18:25:23.062 - [WARNING] - Sensor_34: Anomaly detected -> SOFTWARE_FREEZE
2026-03-03 18:25:23.062 - [INFO] - System: Found solution in Knowledge Base. Executing remote patch...
2026-03-03 18:25:23.062 - [INFO] - System: Auto-recovery successful in 0.5s. No human needed.
2026-03-03 18:25:23.063 - [WARNING] - Sensor_48: Anomaly detected -> SOFTWARE_FREEZE
2026-03-03 18:25:23.063 - [INFO] - System: Found solution in Knowledge Base. Executing remote patch...
2026-03-03 18:25:23.063 - [INFO] - System: Auto-recovery successful in 0.5s. No human needed.
2026-03-03 18:25:23.073 - [ERROR] - Sensor_25: Hardware broken -> HARDWARE_FAILURE. Escalating to Human!
2026-03-03 18:25:23.073 - [INFO] - System: Ticket created and assigned to L2 Support.
2026-03-03 18:25:23.076 - [WARNING] - Sensor_17: Anomaly detected -> SOFTWARE_FREEZE
2026-03-03 18:25:23.077 - [INFO] - System: Found solution in Knowledge Base. Executing remote patch...
2026-03-03 18:25:23.077 - [INFO] - System: Auto-recovery successful in 0.5s. No human needed.
2026-03-03 18:25:23.080 - [WARNING] - Sensor_23: Anomaly detected -> SOFTWARE_FREEZE
2026-03-03 18:25:23.080 - [INFO] - System: Found solution in Knowledge Base. Executing remote patch...
2026-03-03 18:25:23.080 - [INFO] - System: Auto-recovery successful in 0.5s. No human needed.
2026-03-03 18:25:23.081 - [WARNING] - Sensor_46: Anomaly detected -> SOFTWARE_FREEZE
2026-03-03 18:25:23.081 - [INFO] - System: Found solution in Knowledge Base. Executing remote patch...
2026-03-03 18:25:23.081 - [INFO] - System: Auto-recovery successful in 0.5s. No human needed.
2026-03-03 18:25:23.086 - [WARNING] - Sensor_17: Anomaly detected -> SOFTWARE_FREEZE
2026-03-03 18:25:23.086 - [INFO] - System: Found solution in Knowledge Base. Executing remote patch...
2026-03-03 18:25:23.086 - [INFO] - System: Auto-recovery successful in 0.5s. No human needed.
2026-03-03 18:25:23.087 - [WARNING] - Sensor_5: Anomaly detected -> SOFTWARE_FREEZE
2026-03-03 18:25:23.087 - [INFO] - System: Found solution in Knowledge Base. Executing remote patch...
2026-03-03 18:25:23.087 - [INFO] - System: Auto-recovery successful in 0.5s. No human needed.
2026-03-03 18:25:23.104 - [ERROR] - Sensor_31: Hardware broken -> HARDWARE_FAILURE. Escalating to Human!
2026-03-03 18:25:23.104 - [INFO] - System: Ticket created and assigned to L2 Support.
2026-03-03 18:25:23.105 - [WARNING] - Sensor_45: Anomaly detected -> SOFTWARE_FREEZE
2026-03-03 18:25:23.105 - [INFO] - System: Found solution in Knowledge Base. Executing remote patch...
2026-03-03 18:25:23.105 - [INFO] - System: Auto-recovery successful in 0.5s. No human needed.
2026-03-03 18:25:23.109 - [WARNING] - Sensor_35: Anomaly detected -> SOFTWARE_FREEZE
2026-03-03 18:25:23.109 - [INFO] - System: Found solution in Knowledge Base. Executing remote patch...
2026-03-03 18:25:23.109 - [INFO] - System: Auto-recovery successful in 0.5s. No human needed.
2026-03-03 18:25:23.111 - [WARNING] - Sensor_39: Anomaly detected -> SOFTWARE_FREEZE
2026-03-03 18:25:23.111 - [INFO] - System: Found solution in Knowledge Base. Executing remote patch...
2026-03-03 18:25:23.111 - [INFO] - System: Auto-recovery successful in 0.5s. No human needed.
2026-03-03 18:25:23.114 - [WARNING] - Sensor_29: Anomaly detected -> SOFTWARE_FREEZE
2026-03-03 18:25:23.114 - [INFO] - System: Found solution in Knowledge Base. Executing remote patch...
2026-03-03 18:25:23.114 - [INFO] - System: Auto-recovery successful in 0.5s. No human needed.
2026-03-03 18:25:23.118 - [ERROR] - Sensor_19: Hardware broken -> HARDWARE_FAILURE. Escalating to Human!
2026-03-03 18:25:23.118 - [INFO] - System: Ticket created and assigned to L2 Support.
2026-03-03 18:25:23.120 - [WARNING] - Sensor_5: Anomaly detected -> SOFTWARE_FREEZE
2026-03-03 18:25:23.120 - [INFO] - System: Found solution in Knowledge Base. Executing remote patch...
2026-03-03 18:25:23.120 - [INFO] - System: Auto-recovery successful in 0.5s. No human needed.
2026-03-03 18:25:23.124 - [WARNING] - Sensor_38: Anomaly detected -> SOFTWARE_FREEZE
2026-03-03 18:25:23.124 - [INFO] - System: Found solution in Knowledge Base. Executing remote patch...
2026-03-03 18:25:23.124 - [INFO] - System: Auto-recovery successful in 0.5s. No human needed.
2026-03-03 18:25:23.126 - [WARNING] - Sensor_1: Anomaly detected -> SOFTWARE_FREEZE
2026-03-03 18:25:23.126 - [INFO] - System: Found solution in Knowledge Base. Executing remote patch...
2026-03-03 18:25:23.126 - [INFO] - System: Auto-recovery successful in 0.5s. No human needed.
2026-03-03 18:25:23.127 - [WARNING] - Sensor_38: Anomaly detected -> SOFTWARE_FREEZE
2026-03-03 18:25:23.127 - [INFO] - System: Found solution in Knowledge Base. Executing remote patch...
2026-03-03 18:25:23.127 - [INFO] - System: Auto-recovery successful in 0.5s. No human needed.
2026-03-03 18:25:23.133 - [WARNING] - Sensor_41: Anomaly detected -> SOFTWARE_FREEZE
2026-03-03 18:25:23.133 - [INFO] - System: Found solution in Knowledge Base. Executing remote patch...
2026-03-03 18:25:23.133 - [INFO] - System: Auto-recovery successful in 0.5s. No human needed.
2026-03-03 18:25:23.134 - [WARNING] - Sensor_23: Anomaly detected -> SOFTWARE_FREEZE
2026-03-03 18:25:23.134 - [INFO] - System: Found solution in Knowledge Base. Executing remote patch...
2026-03-03 18:25:23.134 - [INFO] - System: Auto-recovery successful in 0.5s. No human needed.
2026-03-03 18:25:23.135 - [ERROR] - Sensor_49: Hardware broken -> HARDWARE_FAILURE. Escalating to Human!
2026-03-03 18:25:23.135 - [INFO] - System: Ticket created and assigned to L2 Support.
2026-03-03 18:25:23.138 - [WARNING] - Sensor_14: Anomaly detected -> SOFTWARE_FREEZE
2026-03-03 18:25:23.138 - [INFO] - System: Found solution in Knowledge Base. Executing remote patch...
2026-03-03 18:25:23.138 - [INFO] - System: Auto-recovery successful in 0.5s. No human needed.
2026-03-03 18:25:23.140 - [ERROR] - Sensor_7: Hardware broken -> HARDWARE_FAILURE. Escalating to Human!
2026-03-03 18:25:23.140 - [INFO] - System: Ticket created and assigned to L2 Support.
2026-03-03 18:25:23.141 - [ERROR] - Sensor_26: Hardware broken -> HARDWARE_FAILURE. Escalating to Human!
2026-03-03 18:25:23.141 - [INFO] - System: Ticket created and assigned to L2 Support.
2026-03-03 18:25:23.142 - [WARNING] - Sensor_31: Anomaly detected -> SOFTWARE_FREEZE
2026-03-03 18:25:23.142 - [INFO] - System: Found solution in Knowledge Base. Executing remote patch...
2026-03-03 18:25:23.142 - [INFO] - System: Auto-recovery successful in 0.5s. No human needed.
2026-03-03 18:25:23.142 - [WARNING] - Sensor_40: Anomaly detected -> SOFTWARE_FREEZE
2026-03-03 18:25:23.142 - [INFO] - System: Found solution in Knowledge Base. Executing remote patch...
2026-03-03 18:25:23.142 - [INFO] - System: Auto-recovery successful in 0.5s. No human needed.
2026-03-03 18:25:23.143 - [ERROR] - Sensor_14: Hardware broken -> HARDWARE_FAILURE. Escalating to Human!
2026-03-03 18:25:23.143 - [INFO] - System: Ticket created and assigned to L2 Support.
2026-03-03 18:25:23.150 - [WARNING] - Sensor_6: Anomaly detected -> SOFTWARE_FREEZE
2026-03-03 18:25:23.150 - [INFO] - System: Found solution in Knowledge Base. Executing remote patch...
2026-03-03 18:25:23.150 - [INFO] - System: Auto-recovery successful in 0.5s. No human needed.
2026-03-03 18:25:23.154 - [ERROR] - Sensor_8: Hardware broken -> HARDWARE_FAILURE. Escalating to Human!
2026-03-03 18:25:23.154 - [INFO] - System: Ticket created and assigned to L2 Support.
2026-03-03 18:25:23.155 - [WARNING] - Sensor_39: Anomaly detected -> SOFTWARE_FREEZE
2026-03-03 18:25:23.155 - [INFO] - System: Found solution in Knowledge Base. Executing remote patch...
2026-03-03 18:25:23.155 - [INFO] - System: Auto-recovery successful in 0.5s. No human needed.
2026-03-03 18:25:23.155 - [WARNING] - Sensor_38: Anomaly detected -> SOFTWARE_FREEZE
2026-03-03 18:25:23.155 - [INFO] - System: Found solution in Knowledge Base. Executing remote patch...
2026-03-03 18:25:23.155 - [INFO] - System: Auto-recovery successful in 0.5s. No human needed.
2026-03-03 18:25:23.158 - [WARNING] - Sensor_12: Anomaly detected -> SOFTWARE_FREEZE
2026-03-03 18:25:23.158 - [INFO] - System: Found solution in Knowledge Base. Executing remote patch...
2026-03-03 18:25:23.159 - [INFO] - System: Auto-recovery successful in 0.5s. No human needed.
2026-03-03 18:25:23.159 - [ERROR] - Sensor_33: Hardware broken -> HARDWARE_FAILURE. Escalating to Human!
2026-03-03 18:25:23.159 - [INFO] - System: Ticket created and assigned to L2 Support.
2026-03-03 18:25:23.161 - [WARNING] - Sensor_24: Anomaly detected -> SOFTWARE_FREEZE
2026-03-03 18:25:23.161 - [INFO] - System: Found solution in Knowledge Base. Executing remote patch...
2026-03-03 18:25:23.161 - [INFO] - System: Auto-recovery successful in 0.5s. No human needed.
2026-03-03 18:25:23.161 - [WARNING] - Sensor_30: Anomaly detected -> SOFTWARE_FREEZE
2026-03-03 18:25:23.162 - [INFO] - System: Found solution in Knowledge Base. Executing remote patch...
2026-03-03 18:25:23.162 - [INFO] - System: Auto-recovery successful in 0.5s. No human needed.
2026-03-03 18:25:23.163 - [WARNING] - Sensor_1: Anomaly detected -> SOFTWARE_FREEZE
2026-03-03 18:25:23.163 - [INFO] - System: Found solution in Knowledge Base. Executing remote patch...
2026-03-03 18:25:23.163 - [INFO] - System: Auto-recovery successful in 0.5s. No human needed.
2026-03-03 18:25:23.164 - [WARNING] - Sensor_40: Anomaly detected -> SOFTWARE_FREEZE
2026-03-03 18:25:23.164 - [INFO] - System: Found solution in Knowledge Base. Executing remote patch...
2026-03-03 18:25:23.164 - [INFO] - System: Auto-recovery successful in 0.5s. No human needed.
2026-03-03 18:25:23.168 - [WARNING] - Sensor_3: Anomaly detected -> SOFTWARE_FREEZE
2026-03-03 18:25:23.168 - [INFO] - System: Found solution in Knowledge Base. Executing remote patch...
2026-03-03 18:25:23.168 - [INFO] - System: Auto-recovery successful in 0.5s. No human needed.
2026-03-03 18:25:23.169 - [ERROR] - Sensor_31: Hardware broken -> HARDWARE_FAILURE. Escalating to Human!
2026-03-03 18:25:23.170 - [INFO] - System: Ticket created and assigned to L2 Support.
2026-03-03 18:25:23.173 - [WARNING] - Sensor_37: Anomaly detected -> SOFTWARE_FREEZE
2026-03-03 18:25:23.173 - [INFO] - System: Found solution in Knowledge Base. Executing remote patch...
2026-03-03 18:25:23.173 - [INFO] - System: Auto-recovery successful in 0.5s. No human needed.
2026-03-03 18:25:23.176 - [ERROR] - Sensor_37: Hardware broken -> HARDWARE_FAILURE. Escalating to Human!
2026-03-03 18:25:23.176 - [INFO] - System: Ticket created and assigned to L2 Support.
2026-03-03 18:25:23.179 - [WARNING] - Sensor_8: Anomaly detected -> SOFTWARE_FREEZE
2026-03-03 18:25:23.179 - [INFO] - System: Found solution in Knowledge Base. Executing remote patch...
2026-03-03 18:25:23.179 - [INFO] - System: Auto-recovery successful in 0.5s. No human needed.
2026-03-03 18:25:23.183 - [ERROR] - Sensor_2: Hardware broken -> HARDWARE_FAILURE. Escalating to Human!
2026-03-03 18:25:23.183 - [INFO] - System: Ticket created and assigned to L2 Support.
2026-03-03 18:25:23.187 - [WARNING] - Sensor_27: Anomaly detected -> SOFTWARE_FREEZE
2026-03-03 18:25:23.187 - [INFO] - System: Found solution in Knowledge Base. Executing remote patch...
2026-03-03 18:25:23.187 - [INFO] - System: Auto-recovery successful in 0.5s. No human needed.
2026-03-03 18:25:23.188 - [WARNING] - Sensor_40: Anomaly detected -> SOFTWARE_FREEZE
2026-03-03 18:25:23.188 - [INFO] - System: Found solution in Knowledge Base. Executing remote patch...
2026-03-03 18:25:23.188 - [INFO] - System: Auto-recovery successful in 0.5s. No human needed.
2026-03-03 18:25:23.188 - [WARNING] - Sensor_1: Anomaly detected -> SOFTWARE_FREEZE
2026-03-03 18:25:23.188 - [INFO] - System: Found solution in Knowledge Base. Executing remote patch...
2026-03-03 18:25:23.188 - [INFO] - System: Auto-recovery successful in 0.5s. No human needed.
2026-03-03 18:25:23.190 - [WARNING] - Sensor_42: Anomaly detected -> SOFTWARE_FREEZE
2026-03-03 18:25:23.190 - [INFO] - System: Found solution in Knowledge Base. Executing remote patch...
2026-03-03 18:25:23.190 - [INFO] - System: Auto-recovery successful in 0.5s. No human needed.
2026-03-03 18:25:23.197 - [ERROR] - Sensor_3: Hardware broken -> HARDWARE_FAILURE. Escalating to Human!
2026-03-03 18:25:23.197 - [INFO] - System: Ticket created and assigned to L2 Support.
2026-03-03 18:25:23.198 - [WARNING] - Sensor_35: Anomaly detected -> SOFTWARE_FREEZE
2026-03-03 18:25:23.198 - [INFO] - System: Found solution in Knowledge Base. Executing remote patch...
2026-03-03 18:25:23.199 - [INFO] - System: Auto-recovery successful in 0.5s. No human needed.
2026-03-03 18:25:23.200 - [WARNING] - Sensor_20: Anomaly detected -> SOFTWARE_FREEZE
2026-03-03 18:25:23.200 - [INFO] - System: Found solution in Knowledge Base. Executing remote patch...
2026-03-03 18:25:23.200 - [INFO] - System: Auto-recovery successful in 0.5s. No human needed.
2026-03-03 18:25:23.200 - [WARNING] - Sensor_15: Anomaly detected -> SOFTWARE_FREEZE
2026-03-03 18:25:23.200 - [INFO] - System: Found solution in Knowledge Base. Executing remote patch...
2026-03-03 18:25:23.200 - [INFO] - System: Auto-recovery successful in 0.5s. No human needed.
2026-03-03 18:25:23.206 - [WARNING] - Sensor_48: Anomaly detected -> SOFTWARE_FREEZE
2026-03-03 18:25:23.206 - [INFO] - System: Found solution in Knowledge Base. Executing remote patch...
2026-03-03 18:25:23.206 - [INFO] - System: Auto-recovery successful in 0.5s. No human needed.
2026-03-03 18:25:23.211 - [ERROR] - Sensor_15: Hardware broken -> HARDWARE_FAILURE. Escalating to Human!
2026-03-03 18:25:23.211 - [INFO] - System: Ticket created and assigned to L2 Support.
2026-03-03 18:25:23.211 - [ERROR] - Sensor_17: Hardware broken -> HARDWARE_FAILURE. Escalating to Human!
2026-03-03 18:25:23.211 - [INFO] - System: Ticket created and assigned to L2 Support.
2026-03-03 18:25:23.225 - [WARNING] - Sensor_29: Anomaly detected -> SOFTWARE_FREEZE
2026-03-03 18:25:23.225 - [INFO] - System: Found solution in Knowledge Base. Executing remote patch...
2026-03-03 18:25:23.225 - [INFO] - System: Auto-recovery successful in 0.5s. No human needed.
2026-03-03 18:25:23.227 - [WARNING] - Sensor_7: Anomaly detected -> SOFTWARE_FREEZE
2026-03-03 18:25:23.227 - [INFO] - System: Found solution in Knowledge Base. Executing remote patch...
2026-03-03 18:25:23.227 - [INFO] - System: Auto-recovery successful in 0.5s. No human needed.
2026-03-03 18:25:23.229 - [WARNING] - Sensor_44: Anomaly detected -> SOFTWARE_FREEZE
2026-03-03 18:25:23.229 - [INFO] - System: Found solution in Knowledge Base. Executing remote patch...
2026-03-03 18:25:23.229 - [INFO] - System: Auto-recovery successful in 0.5s. No human needed.
2026-03-03 18:25:23.233 - [ERROR] - Sensor_28: Hardware broken -> HARDWARE_FAILURE. Escalating to Human!
2026-03-03 18:25:23.233 - [INFO] - System: Ticket created and assigned to L2 Support.
2026-03-03 18:25:23.235 - [WARNING] - Sensor_16: Anomaly detected -> SOFTWARE_FREEZE
2026-03-03 18:25:23.235 - [INFO] - System: Found solution in Knowledge Base. Executing remote patch...
2026-03-03 18:25:23.235 - [INFO] - System: Auto-recovery successful in 0.5s. No human needed.
2026-03-03 18:25:23.248 - [WARNING] - Sensor_42: Anomaly detected -> SOFTWARE_FREEZE
2026-03-03 18:25:23.248 - [INFO] - System: Found solution in Knowledge Base. Executing remote patch...
2026-03-03 18:25:23.248 - [INFO] - System: Auto-recovery successful in 0.5s. No human needed.
